Archive member included because of file (symbol)

d:/program files/gnu tools arm embedded/4.8 2014q2/bin/../lib/gcc/arm-none-eabi/4.8.4/../../../../arm-none-eabi/lib/armv7e-m/fpu\libg.a(lib_a-memcpy.o)
                              ..\obj\misc.o (memcpy)
d:/program files/gnu tools arm embedded/4.8 2014q2/bin/../lib/gcc/arm-none-eabi/4.8.4/../../../../arm-none-eabi/lib/armv7e-m/fpu\libg.a(lib_a-strchr.o)
                              ..\obj\Nmea.o (strchr)
d:/program files/gnu tools arm embedded/4.8 2014q2/bin/../lib/gcc/arm-none-eabi/4.8.4/../../../../arm-none-eabi/lib/armv7e-m/fpu\libg.a(lib_a-strncmp.o)
                              ..\obj\Nmea.o (strncmp)

Allocating common symbols
Common symbol       size              file

p                   0x4               ..\obj\Nmea.o
gpsdata             0x18              ..\obj\Nmea.o
received_buff       0x101             ..\obj\misc.o
prescaler           0x4               ..\obj\main.o
temp                0x2               ..\obj\stm32f4xx_it.o
temperature         0x4               ..\obj\misc.o
voltage             0x4               ..\obj\misc.o
usart_buffer        0x100             ..\obj\stm32f4xx_periph.o
BaudRate            0x4               ..\obj\main.o
i                   0x4               ..\obj\stm32f4xx_it.o
pch                 0x4               ..\obj\Nmea.o
adc_buffer          0x400             ..\obj\main.o
temp_adc            0x4               ..\obj\misc.o
step                0x1               ..\obj\misc.o
BRR                 0x4               ..\obj\main.o
received            0x6               ..\obj\misc.o
received_string     0x101             ..\obj\misc.o

Discarded input sections

 .text          0x00000000        0x0 ..\obj\startup_stm32f4xx.o
 .data          0x00000000        0x0 ..\obj\startup_stm32f4xx.o
 .bss           0x00000000        0x0 ..\obj\startup_stm32f4xx.o
 .text          0x00000000        0x0 ..\obj\main.o
 .data          0x00000000        0x0 ..\obj\main.o
 .bss           0x00000000        0x0 ..\obj\main.o
 .text          0x00000000        0x0 ..\obj\stm32f4xx_rcc.o
 .data          0x00000000        0x0 ..\obj\stm32f4xx_rcc.o
 .bss           0x00000000        0x0 ..\obj\stm32f4xx_rcc.o
 .text          0x00000000        0x0 ..\obj\stm32f4xx_it.o
 .data          0x00000000        0x0 ..\obj\stm32f4xx_it.o
 .text.TimingDelay_Decrement
                0x00000000       0x14 ..\obj\stm32f4xx_it.o
 .text.delay_ms
                0x00000000        0x4 ..\obj\stm32f4xx_it.o
 .text          0x00000000        0x0 ..\obj\Nmea.o
 .data          0x00000000        0x0 ..\obj\Nmea.o
 .text.TextOut  0x00000000       0x60 ..\obj\Nmea.o
 .text          0x00000000        0x0 ..\obj\system_stm32f4xx.o
 .bss           0x00000000        0x0 ..\obj\system_stm32f4xx.o
 .text          0x00000000        0x0 ..\obj\stm32f4xx_periph.o
 .bss           0x00000000        0x0 ..\obj\stm32f4xx_periph.o
 .text          0x00000000        0x0 ..\obj\misc.o
 .data          0x00000000        0x0 ..\obj\misc.o
 .bss           0x00000000        0x0 ..\obj\misc.o
 .data          0x00000000        0x0 d:/program files/gnu tools arm embedded/4.8 2014q2/bin/../lib/gcc/arm-none-eabi/4.8.4/../../../../arm-none-eabi/lib/armv7e-m/fpu\libg.a(lib_a-memcpy.o)
 .bss           0x00000000        0x0 d:/program files/gnu tools arm embedded/4.8 2014q2/bin/../lib/gcc/arm-none-eabi/4.8.4/../../../../arm-none-eabi/lib/armv7e-m/fpu\libg.a(lib_a-memcpy.o)
 .text          0x00000000        0x0 d:/program files/gnu tools arm embedded/4.8 2014q2/bin/../lib/gcc/arm-none-eabi/4.8.4/../../../../arm-none-eabi/lib/armv7e-m/fpu\libg.a(lib_a-strchr.o)
 .data          0x00000000        0x0 d:/program files/gnu tools arm embedded/4.8 2014q2/bin/../lib/gcc/arm-none-eabi/4.8.4/../../../../arm-none-eabi/lib/armv7e-m/fpu\libg.a(lib_a-strchr.o)
 .bss           0x00000000        0x0 d:/program files/gnu tools arm embedded/4.8 2014q2/bin/../lib/gcc/arm-none-eabi/4.8.4/../../../../arm-none-eabi/lib/armv7e-m/fpu\libg.a(lib_a-strchr.o)
 .text          0x00000000        0x0 d:/program files/gnu tools arm embedded/4.8 2014q2/bin/../lib/gcc/arm-none-eabi/4.8.4/../../../../arm-none-eabi/lib/armv7e-m/fpu\libg.a(lib_a-strncmp.o)
 .data          0x00000000        0x0 d:/program files/gnu tools arm embedded/4.8 2014q2/bin/../lib/gcc/arm-none-eabi/4.8.4/../../../../arm-none-eabi/lib/armv7e-m/fpu\libg.a(lib_a-strncmp.o)
 .bss           0x00000000        0x0 d:/program files/gnu tools arm embedded/4.8 2014q2/bin/../lib/gcc/arm-none-eabi/4.8.4/../../../../arm-none-eabi/lib/armv7e-m/fpu\libg.a(lib_a-strncmp.o)

Memory Configuration

Name             Origin             Length             Attributes
rom              0x08000000         0x00100000         xr
ram              0x20000000         0x00020000         xrw
ram1             0x10000000         0x00010000         xrw
*default*        0x00000000         0xffffffff

Linker script and memory map

                0x20020000                _eram = 0x20020000

.text           0x08000000     0x1084
 *(.isr_vector)
 .isr_vector    0x08000000      0x188 ..\obj\startup_stm32f4xx.o
                0x08000000                g_pfnVectors
 *(.text*)
 .text.Default_Handler
                0x08000188        0x4 ..\obj\startup_stm32f4xx.o
                0x08000188                RTC_Alarm_IRQHandler
                0x08000188                HASH_RNG_IRQHandler
                0x08000188                EXTI2_IRQHandler
                0x08000188                TIM8_CC_IRQHandler
                0x08000188                DebugMon_Handler
                0x08000188                TIM1_CC_IRQHandler
                0x08000188                DMA2_Stream5_IRQHandler
                0x08000188                HardFault_Handler
                0x08000188                PVD_IRQHandler
                0x08000188                SDIO_IRQHandler
                0x08000188                TAMP_STAMP_IRQHandler
                0x08000188                PendSV_Handler
                0x08000188                NMI_Handler
                0x08000188                CAN2_RX1_IRQHandler
                0x08000188                EXTI3_IRQHandler
                0x08000188                TIM8_TRG_COM_TIM14_IRQHandler
                0x08000188                TIM1_UP_TIM10_IRQHandler
                0x08000188                TIM8_UP_TIM13_IRQHandler
                0x08000188                I2C3_ER_IRQHandler
                0x08000188                EXTI0_IRQHandler
                0x08000188                I2C2_EV_IRQHandler
                0x08000188                DMA1_Stream2_IRQHandler
                0x08000188                CAN1_RX0_IRQHandler
                0x08000188                FPU_IRQHandler
                0x08000188                OTG_HS_WKUP_IRQHandler
                0x08000188                UsageFault_Handler
                0x08000188                CAN2_SCE_IRQHandler
                0x08000188                DMA2_Stream2_IRQHandler
                0x08000188                SPI1_IRQHandler
                0x08000188                TIM6_DAC_IRQHandler
                0x08000188                TIM1_BRK_TIM9_IRQHandler
                0x08000188                DCMI_IRQHandler
                0x08000188                CAN2_RX0_IRQHandler
                0x08000188                DMA2_Stream3_IRQHandler
                0x08000188                USART6_IRQHandler
                0x08000188                USART3_IRQHandler
                0x08000188                CRYP_IRQHandler
                0x08000188                CAN1_RX1_IRQHandler
                0x08000188                UART5_IRQHandler
                0x08000188                TIM4_IRQHandler
                0x08000188                I2C1_EV_IRQHandler
                0x08000188                DMA1_Stream6_IRQHandler
                0x08000188                DMA1_Stream1_IRQHandler
                0x08000188                UART4_IRQHandler
                0x08000188                TIM3_IRQHandler
                0x08000188                RCC_IRQHandler
                0x08000188                TIM8_BRK_TIM12_IRQHandler
                0x08000188                EXTI15_10_IRQHandler
                0x08000188                ADC_IRQHandler
                0x08000188                DMA1_Stream7_IRQHandler
                0x08000188                TIM7_IRQHandler
                0x08000188                CAN2_TX_IRQHandler
                0x08000188                TIM5_IRQHandler
                0x08000188                DMA2_Stream7_IRQHandler
                0x08000188                I2C3_EV_IRQHandler
                0x08000188                EXTI9_5_IRQHandler
                0x08000188                RTC_WKUP_IRQHandler
                0x08000188                ETH_WKUP_IRQHandler
                0x08000188                SPI2_IRQHandler
                0x08000188                OTG_HS_EP1_IN_IRQHandler
                0x08000188                MemManage_Handler
                0x08000188                DMA1_Stream0_IRQHandler
                0x08000188                CAN1_TX_IRQHandler
                0x08000188                SVC_Handler
                0x08000188                EXTI4_IRQHandler
                0x08000188                FSMC_IRQHandler
                0x08000188                ETH_IRQHandler
                0x08000188                OTG_HS_EP1_OUT_IRQHandler
                0x08000188                WWDG_IRQHandler
                0x08000188                OTG_FS_WKUP_IRQHandler
                0x08000188                TIM1_TRG_COM_TIM11_IRQHandler
                0x08000188                OTG_HS_IRQHandler
                0x08000188                EXTI1_IRQHandler
                0x08000188                I2C2_ER_IRQHandler
                0x08000188                DMA2_Stream1_IRQHandler
                0x08000188                CAN1_SCE_IRQHandler
                0x08000188                FLASH_IRQHandler
                0x08000188                DMA2_Stream4_IRQHandler
                0x08000188                BusFault_Handler
                0x08000188                USART1_IRQHandler
                0x08000188                OTG_FS_IRQHandler
                0x08000188                SPI3_IRQHandler
                0x08000188                DMA1_Stream4_IRQHandler
                0x08000188                I2C1_ER_IRQHandler
                0x08000188                DMA2_Stream6_IRQHandler
                0x08000188                DMA1_Stream3_IRQHandler
 .text.Default_Reset_Handler
                0x0800018c       0x6c ..\obj\startup_stm32f4xx.o
                0x0800018c                Default_Reset_Handler
                0x0800018c                Reset_Handler
 .text.startup.main
                0x080001f8       0xbc ..\obj\main.o
                0x080001f8                main
 .text.RCC_Init
                0x080002b4       0x34 ..\obj\stm32f4xx_rcc.o
                0x080002b4                RCC_Init
 .text.SysTick_Handler
                0x080002e8       0x14 ..\obj\stm32f4xx_it.o
                0x080002e8                SysTick_Handler
 .text.Delay    0x080002fc       0x18 ..\obj\stm32f4xx_it.o
                0x080002fc                Delay
 .text.USART2_IRQHandler
                0x08000314        0x4 ..\obj\stm32f4xx_it.o
                0x08000314                USART2_IRQHandler
 .text.TIM2_IRQHandler
                0x08000318       0x50 ..\obj\stm32f4xx_it.o
                0x08000318                TIM2_IRQHandler
 .text.DMA1_Stream5_IRQHandler
                0x08000368       0x38 ..\obj\stm32f4xx_it.o
                0x08000368                DMA1_Stream5_IRQHandler
 .text.DMA2_Stream0_IRQHandler
                0x080003a0       0x38 ..\obj\stm32f4xx_it.o
                0x080003a0                DMA2_Stream0_IRQHandler
 .text.NMEA_Parse
                0x080003d8      0x3a0 ..\obj\Nmea.o
                0x080003d8                NMEA_Parse
 .text.SystemInit
                0x08000778      0x100 ..\obj\system_stm32f4xx.o
                0x08000778                SystemInit
 .text.SystemCoreClockUpdate
                0x08000878       0x68 ..\obj\system_stm32f4xx.o
                0x08000878                SystemCoreClockUpdate
 .text.LED_Init
                0x080008e0       0xb8 ..\obj\stm32f4xx_periph.o
                0x080008e0                LED_Init
 .text.ADC_Init
                0x08000998       0x74 ..\obj\stm32f4xx_periph.o
                0x08000998                ADC_Init
 .text.TIM2_Init
                0x08000a0c       0x64 ..\obj\stm32f4xx_periph.o
                0x08000a0c                TIM2_Init
 .text.USART2_INIT
                0x08000a70       0x94 ..\obj\stm32f4xx_periph.o
                0x08000a70                USART2_INIT
 .text.DMA1_Init
                0x08000b04       0x70 ..\obj\stm32f4xx_periph.o
                0x08000b04                DMA1_Init
 .text.DMA2_Init
                0x08000b74       0x70 ..\obj\stm32f4xx_periph.o
                0x08000b74                DMA2_Init
 .text.Read_USART
                0x08000be4       0x54 ..\obj\misc.o
                0x08000be4                Read_USART
 .text.Read_ADC
                0x08000c38       0x50 ..\obj\misc.o
                0x08000c38                Read_ADC
 .text.Average  0x08000c88      0x108 ..\obj\misc.o
                0x08000c88                Average
 .text          0x08000d90      0x134 d:/program files/gnu tools arm embedded/4.8 2014q2/bin/../lib/gcc/arm-none-eabi/4.8.4/../../../../arm-none-eabi/lib/armv7e-m/fpu\libg.a(lib_a-memcpy.o)
                0x08000d90                memcpy
 .text.strchr   0x08000ec4       0xf4 d:/program files/gnu tools arm embedded/4.8 2014q2/bin/../lib/gcc/arm-none-eabi/4.8.4/../../../../arm-none-eabi/lib/armv7e-m/fpu\libg.a(lib_a-strchr.o)
                0x08000ec4                strchr
 .text.strncmp  0x08000fb8       0xb4 d:/program files/gnu tools arm embedded/4.8 2014q2/bin/../lib/gcc/arm-none-eabi/4.8.4/../../../../arm-none-eabi/lib/armv7e-m/fpu\libg.a(lib_a-strncmp.o)
                0x08000fb8                strncmp
 *(.init)
 *(.fini)
 *crtbegin.o(.ctors)
 *crtbegin?.o(.ctors)
 *(EXCLUDE_FILE(*crtend.o *crtend?.o) .ctors)
 *(SORT(.ctors.*))
 *(.ctors)
 *crtbegin.o(.dtors)
 *crtbegin?.o(.dtors)
 *(EXCLUDE_FILE(*crtend.o *crtend?.o) .dtors)
 *(SORT(.dtors.*))
 *(.dtors)
 *(.rodata*)
 .rodata.str1.4
                0x0800106c       0x18 ..\obj\Nmea.o
 *(.eh_fram e*)

.glue_7         0x08001084        0x0
 .glue_7        0x00000000        0x0 linker stubs

.glue_7t        0x08001084        0x0
 .glue_7t       0x00000000        0x0 linker stubs

.vfp11_veneer   0x08001084        0x0
 .vfp11_veneer  0x00000000        0x0 linker stubs

.v4_bx          0x08001084        0x0
 .v4_bx         0x00000000        0x0 linker stubs

.iplt           0x08001084        0x0
 .iplt          0x00000000        0x0 ..\obj\startup_stm32f4xx.o

.rel.dyn        0x08001084        0x0
 .rel.iplt      0x00000000        0x0 ..\obj\startup_stm32f4xx.o

.ARM.extab
 *(.ARM.extab* .gnu.linkonce.armextab.*)
                0x08001084                __exidx_start = .

.ARM.exidx
 *(.ARM.exidx* .gnu.linkonce.armexidx.*)
                0x08001084                __exidx_end = .
                0x08001084                __etext = .
                0x08001084                _sidata = __etext

.data           0x20000000       0x18 load address 0x08001084
                0x20000000                __data_start__ = .
                0x20000000                _sdata = __data_start__
 *(vtable)
 *(.data*)
 .data          0x20000000       0x14 ..\obj\system_stm32f4xx.o
                0x20000000                AHBPrescTable
                0x20000010                SystemCoreClock
 .data          0x20000014        0x4 ..\obj\stm32f4xx_periph.o
                0x20000014                Timer_Frequency
                0x20000018                . = ALIGN (0x4)
                0x20000018                PROVIDE (__preinit_array_start, .)
 *(.preinit_array)
                0x20000018                PROVIDE (__preinit_array_end, .)
                0x20000018                . = ALIGN (0x4)
                0x20000018                PROVIDE (__init_array_start, .)
 *(SORT(.init_array.*))
 *(.init_array)
                0x20000018                PROVIDE (__init_array_end, .)
                0x20000018                . = ALIGN (0x4)
                0x20000018                PROVIDE (__fini_array_start, .)
 *(SORT(.fini_array.*))
 *(.fini_array)
                0x20000018                PROVIDE (__fini_array_end, .)
 *(.jcr*)
                0x20000018                . = ALIGN (0x4)
                0x20000018                __data_end__ = .
                0x20000018                _edata = __data_end__

.igot.plt       0x20000018        0x0 load address 0x0800109c
 .igot.plt      0x00000000        0x0 ..\obj\startup_stm32f4xx.o

.bss            0x20000018      0x760 load address 0x0800109c
                0x20000018                . = ALIGN (0x4)
                0x20000018                __bss_start__ = .
                0x20000018                _sbss = __bss_start__
 *(.bss*)
 .bss           0x20000018        0x4 ..\obj\stm32f4xx_it.o
 .bss           0x2000001c        0x8 ..\obj\Nmea.o
                0x20000020                tmp
 *(COMMON)
 COMMON         0x20000024      0x40c ..\obj\main.o
                0x20000024                prescaler
                0x20000028                BaudRate
                0x2000002c                adc_buffer
                0x2000042c                BRR
 COMMON         0x20000430        0x8 ..\obj\stm32f4xx_it.o
                0x20000430                temp
                0x20000434                i
 COMMON         0x20000438       0x20 ..\obj\Nmea.o
                0x20000438                p
                0x2000043c                gpsdata
                0x20000454                pch
 COMMON         0x20000458      0x100 ..\obj\stm32f4xx_periph.o
                0x20000458                usart_buffer
 COMMON         0x20000558      0x21d ..\obj\misc.o
                0x20000558                received_buff
                0x2000065c                temperature
                0x20000660                voltage
                0x20000664                temp_adc
                0x20000668                step
                0x2000066c                received
                0x20000674                received_string
                0x20000778                . = ALIGN (0x4)
 *fill*         0x20000775        0x3 
                0x20000778                __bss_end__ = .
                0x20000778                _ebss = __bss_end__

.heap           0x20000778        0x0
                0x20000778                __end__ = .
                0x20000778                _end = __end__
                0x20000778                end = __end__
 *(.heap*)
                0x20000778                __HeapLimit = .

.co_stack       0x20000778      0x800 load address 0x080017fc
                0x20000778                . = ALIGN (0x8)
 *(.co_stack .co_stack.*)
 .co_stack      0x20000778      0x800 ..\obj\startup_stm32f4xx.o
                0x20000778                pulStack
                0x20020000                __StackTop = (ORIGIN (ram) + 0x20000)
                0x2001f800                __StackLimit = (__StackTop - SIZEOF (.co_stack))
                0x20020000                PROVIDE (__stack, __StackTop)
                0x00000001                ASSERT ((__StackLimit >= __HeapLimit), region ram  overflowed with stack)
LOAD ..\obj\startup_stm32f4xx.o
LOAD ..\obj\main.o
LOAD ..\obj\stm32f4xx_rcc.o
LOAD ..\obj\stm32f4xx_it.o
LOAD ..\obj\Nmea.o
LOAD ..\obj\system_stm32f4xx.o
LOAD ..\obj\stm32f4xx_periph.o
LOAD ..\obj\misc.o
START GROUP
LOAD d:/program files/gnu tools arm embedded/4.8 2014q2/bin/../lib/gcc/arm-none-eabi/4.8.4/armv7e-m/fpu\libgcc.a
LOAD d:/program files/gnu tools arm embedded/4.8 2014q2/bin/../lib/gcc/arm-none-eabi/4.8.4/../../../../arm-none-eabi/lib/armv7e-m/fpu\libg.a
LOAD d:/program files/gnu tools arm embedded/4.8 2014q2/bin/../lib/gcc/arm-none-eabi/4.8.4/../../../../arm-none-eabi/lib/armv7e-m/fpu\libc.a
END GROUP
OUTPUT(Dashboard_2.elf elf32-littlearm)

.debug_info     0x00000000     0x3220
 .debug_info    0x00000000      0x147 ..\obj\startup_stm32f4xx.o
 .debug_info    0x00000147      0x916 ..\obj\main.o
 .debug_info    0x00000a5d      0x26d ..\obj\stm32f4xx_rcc.o
 .debug_info    0x00000cca      0x67c ..\obj\stm32f4xx_it.o
 .debug_info    0x00001346      0x840 ..\obj\Nmea.o
 .debug_info    0x00001b86      0x5b3 ..\obj\system_stm32f4xx.o
 .debug_info    0x00002139      0xca5 ..\obj\stm32f4xx_periph.o
 .debug_info    0x00002dde      0x442 ..\obj\misc.o

.debug_abbrev   0x00000000      0xce6
 .debug_abbrev  0x00000000      0x110 ..\obj\startup_stm32f4xx.o
 .debug_abbrev  0x00000110      0x22d ..\obj\main.o
 .debug_abbrev  0x0000033d       0xaf ..\obj\stm32f4xx_rcc.o
 .debug_abbrev  0x000003ec      0x1fe ..\obj\stm32f4xx_it.o
 .debug_abbrev  0x000005ea      0x270 ..\obj\Nmea.o
 .debug_abbrev  0x0000085a      0x15d ..\obj\system_stm32f4xx.o
 .debug_abbrev  0x000009b7      0x196 ..\obj\stm32f4xx_periph.o
 .debug_abbrev  0x00000b4d      0x199 ..\obj\misc.o

.debug_loc      0x00000000      0x611
 .debug_loc     0x00000000       0x22 ..\obj\startup_stm32f4xx.o
 .debug_loc     0x00000022       0x37 ..\obj\main.o
 .debug_loc     0x00000059       0x14 ..\obj\stm32f4xx_it.o
 .debug_loc     0x0000006d      0x460 ..\obj\Nmea.o
 .debug_loc     0x000004cd      0x144 ..\obj\system_stm32f4xx.o

.debug_aranges  0x00000000      0x188
 .debug_aranges
                0x00000000       0x28 ..\obj\startup_stm32f4xx.o
 .debug_aranges
                0x00000028       0x20 ..\obj\main.o
 .debug_aranges
                0x00000048       0x20 ..\obj\stm32f4xx_rcc.o
 .debug_aranges
                0x00000068       0x58 ..\obj\stm32f4xx_it.o
 .debug_aranges
                0x000000c0       0x28 ..\obj\Nmea.o
 .debug_aranges
                0x000000e8       0x28 ..\obj\system_stm32f4xx.o
 .debug_aranges
                0x00000110       0x48 ..\obj\stm32f4xx_periph.o
 .debug_aranges
                0x00000158       0x30 ..\obj\misc.o

.debug_ranges   0x00000000      0x308
 .debug_ranges  0x00000000       0x18 ..\obj\startup_stm32f4xx.o
 .debug_ranges  0x00000018       0x70 ..\obj\main.o
 .debug_ranges  0x00000088       0x10 ..\obj\stm32f4xx_rcc.o
 .debug_ranges  0x00000098       0x60 ..\obj\stm32f4xx_it.o
 .debug_ranges  0x000000f8      0x110 ..\obj\Nmea.o
 .debug_ranges  0x00000208       0x30 ..\obj\system_stm32f4xx.o
 .debug_ranges  0x00000238       0xb0 ..\obj\stm32f4xx_periph.o
 .debug_ranges  0x000002e8       0x20 ..\obj\misc.o

.debug_line     0x00000000     0x10fd
 .debug_line    0x00000000       0x9c ..\obj\startup_stm32f4xx.o
 .debug_line    0x0000009c      0x23f ..\obj\main.o
 .debug_line    0x000002db      0x199 ..\obj\stm32f4xx_rcc.o
 .debug_line    0x00000474      0x24e ..\obj\stm32f4xx_it.o
 .debug_line    0x000006c2      0x33a ..\obj\Nmea.o
 .debug_line    0x000009fc      0x1e2 ..\obj\system_stm32f4xx.o
 .debug_line    0x00000bde      0x2fd ..\obj\stm32f4xx_periph.o
 .debug_line    0x00000edb      0x222 ..\obj\misc.o

.debug_str      0x00000000      0xf23
 .debug_str     0x00000000      0x17c ..\obj\startup_stm32f4xx.o
                                0x18e (size before relaxing)
 .debug_str     0x0000017c      0x7b9 ..\obj\main.o
                                0x8cc (size before relaxing)
 .debug_str     0x00000935       0xff ..\obj\stm32f4xx_rcc.o
                                0x29e (size before relaxing)
 .debug_str     0x00000a34      0x1b3 ..\obj\stm32f4xx_it.o
                                0x444 (size before relaxing)
 .debug_str     0x00000be7       0xfb ..\obj\Nmea.o
                                0x2e9 (size before relaxing)
 .debug_str     0x00000ce2       0xc0 ..\obj\system_stm32f4xx.o
                                0x3cb (size before relaxing)
 .debug_str     0x00000da2       0xfa ..\obj\stm32f4xx_periph.o
                                0x9c1 (size before relaxing)
 .debug_str     0x00000e9c       0x87 ..\obj\misc.o
                                0x2d1 (size before relaxing)

.comment        0x00000000       0x70
 .comment       0x00000000       0x70 ..\obj\startup_stm32f4xx.o
                                 0x71 (size before relaxing)
 .comment       0x00000000       0x71 ..\obj\main.o
 .comment       0x00000000       0x71 ..\obj\stm32f4xx_rcc.o
 .comment       0x00000000       0x71 ..\obj\stm32f4xx_it.o
 .comment       0x00000000       0x71 ..\obj\Nmea.o
 .comment       0x00000000       0x71 ..\obj\system_stm32f4xx.o
 .comment       0x00000000       0x71 ..\obj\stm32f4xx_periph.o
 .comment       0x00000000       0x71 ..\obj\misc.o

.ARM.attributes
                0x00000000       0x37
 .ARM.attributes
                0x00000000       0x39 ..\obj\startup_stm32f4xx.o
 .ARM.attributes
                0x00000039       0x39 ..\obj\main.o
 .ARM.attributes
                0x00000072       0x39 ..\obj\stm32f4xx_rcc.o
 .ARM.attributes
                0x000000ab       0x39 ..\obj\stm32f4xx_it.o
 .ARM.attributes
                0x000000e4       0x39 ..\obj\Nmea.o
 .ARM.attributes
                0x0000011d       0x39 ..\obj\system_stm32f4xx.o
 .ARM.attributes
                0x00000156       0x39 ..\obj\stm32f4xx_periph.o
 .ARM.attributes
                0x0000018f       0x39 ..\obj\misc.o
 .ARM.attributes
                0x000001c8       0x20 d:/program files/gnu tools arm embedded/4.8 2014q2/bin/../lib/gcc/arm-none-eabi/4.8.4/../../../../arm-none-eabi/lib/armv7e-m/fpu\libg.a(lib_a-memcpy.o)
 .ARM.attributes
                0x000001e8       0x34 d:/program files/gnu tools arm embedded/4.8 2014q2/bin/../lib/gcc/arm-none-eabi/4.8.4/../../../../arm-none-eabi/lib/armv7e-m/fpu\libg.a(lib_a-strchr.o)
 .ARM.attributes
                0x0000021c       0x34 d:/program files/gnu tools arm embedded/4.8 2014q2/bin/../lib/gcc/arm-none-eabi/4.8.4/../../../../arm-none-eabi/lib/armv7e-m/fpu\libg.a(lib_a-strncmp.o)

.debug_frame    0x00000000      0x2e0
 .debug_frame   0x00000000       0x38 ..\obj\startup_stm32f4xx.o
 .debug_frame   0x00000038       0x30 ..\obj\main.o
 .debug_frame   0x00000068       0x20 ..\obj\stm32f4xx_rcc.o
 .debug_frame   0x00000088       0x9c ..\obj\stm32f4xx_it.o
 .debug_frame   0x00000124       0x48 ..\obj\Nmea.o
 .debug_frame   0x0000016c       0x34 ..\obj\system_stm32f4xx.o
 .debug_frame   0x000001a0       0x98 ..\obj\stm32f4xx_periph.o
 .debug_frame   0x00000238       0x54 ..\obj\misc.o
 .debug_frame   0x0000028c       0x2c d:/program files/gnu tools arm embedded/4.8 2014q2/bin/../lib/gcc/arm-none-eabi/4.8.4/../../../../arm-none-eabi/lib/armv7e-m/fpu\libg.a(lib_a-strchr.o)
 .debug_frame   0x000002b8       0x28 d:/program files/gnu tools arm embedded/4.8 2014q2/bin/../lib/gcc/arm-none-eabi/4.8.4/../../../../arm-none-eabi/lib/armv7e-m/fpu\libg.a(lib_a-strncmp.o)
